<!doctype html>
<html lang="en">
  <head>
  
    <meta charset="utf-8">
    <meta name="viewport" content="width=device-width, initial-scale=1.0">
    <meta property="og:type" content="website" />
    <meta property="og:site_name" content="Science Gossip Data" />
    <meta property='og:url' content="https://zooniverse.github.io/science-gossip-data/tags/golden/page/0/" />
    <meta property='og:title' content="golden Page 0" />
    
    <meta name="description" content="Illustrated pages tagged with golden" />
    <meta name='twitter:description' content="Illustrated pages tagged with golden" />
    <meta property='og:description' content="Illustrated pages tagged with golden" />
  
    
    <meta property='og:image' content="http://zooniverse-static.s3.amazonaws.com/www.sciencegossip.org/subjects/thumb/5527af4ba092de04cc000451.jpg" />
    <meta name='twitter:image' content="http://zooniverse-static.s3.amazonaws.com/www.sciencegossip.org/subjects/thumb/5527af4ba092de04cc000451.jpg" />
  
    <meta name="twitter:card" content="summary" />
    <meta name="twitter:creator" content="@the_zooniverse" />
    <meta name="twitter:site" content="@the_zooniverse" />
    <title>golden Page 0</title>
  
  <link rel="stylesheet" href="https://unpkg.com/open-props"/>
  <link rel="stylesheet" href="https://unpkg.com/open-props/normalize.min.css"/>
  <link rel="stylesheet" href="/css/main.css" />
  </head>
  <body>
    <h1>golden</h1>
<nav aria-label="Page">
  <ul>
  <li>
      <a
      class="current"
        href="../0/"
      >
        0
      </a>
    </li>
  </ul>
</nav>
<ul class="thumbnails">

  <li>
    <a href="../../../../groups/fieldnaturalistr/subjects/ASC0002lzt">
      
    <img
      loading=lazy
      
      alt="Subject ASC0002lzt"
      src="https://thumbnails.zooniverse.org/150x150//www.sciencegossip.org/subjects/thumb/5527af4ba092de04cc000451.jpg"
    />
  
    </a>
  </li>

  <li>
    <a href="../../../../groups/gardenersmagazin2/subjects/ASC0002o72">
      
    <img
      loading=lazy
      
      alt="Subject ASC0002o72"
      src="https://thumbnails.zooniverse.org/150x150//www.sciencegossip.org/subjects/thumb/5527af72a092de04cc0019ed.jpg"
    />
  
    </a>
  </li>

  <li>
    <a href="../../../../groups/the-journal-of-horticulture-cottage-gardener-and-country-gentlemen/subjects/ASC0003mn6">
      
    <img
      loading=lazy
      
      alt="Subject ASC0003mn6"
      src="https://thumbnails.zooniverse.org/150x150//www.sciencegossip.org/subjects/thumb/56c48a2dbcdc200042002687.jpg"
    />
  
    </a>
  </li>

  <li>
    <a href="../../../../groups/the-journal-of-horticulture-cottage-gardener-and-country-gentlemen/subjects/ASC0003mn6">
      
    <img
      loading=lazy
      
      alt="Subject ASC0003mn6"
      src="https://thumbnails.zooniverse.org/150x150//www.sciencegossip.org/subjects/thumb/56c48a2dbcdc200042002687.jpg"
    />
  
    </a>
  </li>

</ul>
<nav aria-label="Page">
  <ul>
  <li>
      <a
      class="current"
        href="../0/"
      >
        0
      </a>
    </li>
  </ul>
</nav>
  </body>
</html>